{
'project:projects/tailwindcss-2.0.3/__tests__/fixtures/tailwind-input-import.css':[
7,
],
'project:projects/tailwindcss-2.0.3/__tests__/fixtures/tailwind-input-with-explicit-screen-utilities.css':[
1,
7,
],
'project:projects/tailwindcss-2.0.3/__tests__/fixtures/tailwind-input.css':[
1,
3,
5,
7,
],
'project:projects/tailwindcss-2.0.3/base.css':[
1,
],
'project:projects/tailwindcss-2.0.3/components.css':[
1,
],
'project:projects/tailwindcss-2.0.3/perf/fixture.css':[
1,
3,
5,
],
'project:projects/tailwindcss-2.0.3/screens.css':[
1,
],
'project:projects/tailwindcss-2.0.3/tailwind.css':[
1,
3,
5,
],
'project:projects/tailwindcss-2.0.3/utilities.css':[
1,
],
}
