{
'project:custom/test.css':[
7,
],
'project:projects/normalize.css-8.0.1/normalize.css':[
65,
108,
],
}
