{
'project:projects/bulma-0.9.2/docs/_includes/global/native.html':[
45,
45,
45,
49,
53,
57,
58,
62,
63,
],
}
