{
'project:projects/normalize.css-8.0.1/test.html':[
253,
],
}
