{
'project:projects/animate.css-4.1.1/docs/style.css':[
598,
602,
],
'project:projects/bulma-0.9.2/css/bulma-rtl.css':[
304,
],
'project:projects/bulma-0.9.2/css/bulma.css':[
304,
],
'project:projects/bulma-0.9.2/docs/css/bulma-docs.css':[
305,
12108,
12114,
13821,
14283,
14354,
15992,
16007,
16014,
16029,
16034,
16085,
16090,
16095,
16175,
16182,
16189,
16258,
16265,
],
'project:projects/tailwindcss-2.0.3/__tests__/fixtures/tailwind-output-flagged.css':[
56,
366,
376,
420,
453,
485,
502,
19542,
],
'project:projects/tailwindcss-2.0.3/__tests__/fixtures/tailwind-output-important.css':[
56,
366,
376,
420,
453,
485,
502,
19542,
],
'project:projects/tailwindcss-2.0.3/__tests__/fixtures/tailwind-output-no-color-opacity.css':[
56,
366,
376,
420,
453,
485,
502,
17696,
],
'project:projects/tailwindcss-2.0.3/__tests__/fixtures/tailwind-output.css':[
56,
366,
376,
420,
453,
485,
502,
19542,
],
}
