{
'project:custom/S4654.css':[
2,
],
'project:custom/S4654.scss':[
11,
12,
13,
],
'project:projects/bulma-0.9.2/docs/css/bulma-docs.css':[
13084,
15716,
],
}
