{
'project:projects/animate.css-4.1.1/docs/style.css':[
592,
],
}
