{
'project:projects/animate.css-4.1.1/animate.css':[
16,
28,
34,
40,
46,
52,
58,
64,
70,
76,
82,
88,
94,
861,
1296,
1655,
2792,
2838,
3370,
],
'project:projects/bulma-0.9.2/css/bulma-rtl.css':[
1776,
],
'project:projects/bulma-0.9.2/css/bulma.css':[
1776,
],
'project:projects/bulma-0.9.2/docs/css/bulma-docs.css':[
1777,
13114,
13116,
13118,
15810,
15813,
15816,
15817,
],
}
